func Main()
	x = 12
	y = Add(x 21)
	PrintIntS(y)
	ret

