const vmt_A
	:A.run
	:A.helper

func Main()
	t.0 = HeapAllocZ(4)
	[t.0] = :vmt_A
	if t.0 goto :null1
		Error("null pointer")
	null1:
	t.1 = [t.0]
	t.1 = [t.1+0]
	t.2 = call t.1(t.0)
	PrintIntS(t.2)
	ret

func A.run(this )
	t.1 = [this]
	t.1 = [t.1+0]
	t.2 = call t.1(this 12)
	t.3 = [this]
	t.3 = [t.3+0]
	t.4 = call t.3(this 15)
	t.4 = Add(a b)
	ret t.4
func A.helper(this param)
	xx = paramparam = Add(param t.0)
	PrintIntS(xx = paramparam = Add(param1x)
	ret x
