--- Error (ProgramFault) ---
expecting argument 1 to be an integer, found undefined value
  Main() line 12
  A.run(<Heap.0>+0) line 18
