const vmt_MT4
	:MT4.Start
	:MT4.Change

func Main()
	t.0 = HeapAllocZ(4)
	[t.0] = :vmt_MT4
	if t.0 goto :null1
		Error("null pointer")
	null1:
	t.1 = [t.0]
	t.1 = [t.1+0]
	t.2 = call t.1(t.0 6)
	PrintIntS(t.2)
	ret

func MT4.Start(this p1p2p3p4p5p6)
	t.0 = aux
	PrintIntS(t.1)
	PrintIntS(t.1)
	PrintIntS(t.1)
	PrintIntS(t.1)
	PrintIntS(t.1)
	PrintIntS(t.1)
	t.2 = [this]
	t.2 = [t.2+0]
	t.3 = call t.2(this p6p5p4p3p2p1)
	ret aux
func MT4.Change(this p1p2p3p4p5p6)
	PrintIntS(p1)
	PrintIntS(p1p2)
	PrintIntS(p1p2p3)
	PrintIntS(p1p2p3p4)
	PrintIntS(p1p2p3p4p5)
	PrintIntS(p1p2p3p4p5p6)
	ret 0
