--- Error (ProgramFault) ---
expecting argument 1 to be an integer, found undefined value
  Main() line 13
  MT4.Start(<Heap.0>+0 6) line 18
